[2026-03-27 12:18:24,044] httpx - INFO - HTTP Request: POST https://dagshub.com/login/oauth/middleman "HTTP/1.1 200 OK"
[2026-03-27 12:18:24,827] httpx - INFO - HTTP Request: POST https://dagshub.com/login/oauth/access_token "HTTP/1.1 200 OK"
[2026-03-27 12:18:25,596] httpx - INFO - HTTP Request: GET https://dagshub.com/api/v1/user "HTTP/1.1 200 OK"
[2026-03-27 12:18:25,603] dagshub - INFO - Accessing as Sohaib4238
[2026-03-27 12:18:26,458] httpx - INFO - HTTP Request: GET https://dagshub.com/api/v1/repos/Sohaib4238/NetworkSecurity "HTTP/1.1 200 OK"
[2026-03-27 12:18:27,182] httpx - INFO - HTTP Request: GET https://dagshub.com/api/v1/user "HTTP/1.1 200 OK"
[2026-03-27 12:18:27,184] dagshub - INFO - Initialized MLflow to track repo "Sohaib4238/NetworkSecurity"
[2026-03-27 12:18:27,185] dagshub - INFO - Repository Sohaib4238/NetworkSecurity initialized!
[2026-03-27 12:18:27,186] root - INFO - Initiate the data ingestion
[2026-03-27 12:18:31,590] root - INFO - Performed train test split on the dataframe
[2026-03-27 12:18:31,590] root - INFO - Exited split_data_as_train_test method of Data_Ingestion class
[2026-03-27 12:18:31,591] root - INFO - Exporting train and test file path.
[2026-03-27 12:18:31,727] root - INFO - Exported train and test file path.
[2026-03-27 12:18:31,728] root - INFO - Data Initiation Completed
[2026-03-27 12:18:31,766] root - INFO - Initiate the data Validation
[2026-03-27 12:18:31,874] root - INFO - Required number of columns:2
[2026-03-27 12:18:31,874] root - INFO - Data frame has columns:31
[2026-03-27 12:18:31,874] root - INFO - Required number of columns:2
[2026-03-27 12:18:31,874] root - INFO - Data frame has columns:31
[2026-03-27 12:18:32,281] root - INFO - data Validation Completed
[2026-03-27 12:18:32,282] root - INFO - data Transformation started
[2026-03-27 12:18:32,282] root - INFO - Entered initiate_data_transformation method of DataTransformation class
[2026-03-27 12:18:32,282] root - INFO - Starting data transformation
[2026-03-27 12:18:32,340] root - INFO - Entered get_data_trnasformer_object method of Trnasformation class
[2026-03-27 12:18:32,340] root - INFO - Initialise KNNImputer with {'missing_values': nan, 'n_neighbors': 3, 'weights': 'uniform'}
[2026-03-27 12:18:32,366] root - INFO - Entered the save_object method of MainUtils class
[2026-03-27 12:18:32,388] root - INFO - Exited the save_object method of MainUtils class
[2026-03-27 12:18:32,388] root - INFO - Entered the save_object method of MainUtils class
[2026-03-27 12:18:32,393] root - INFO - Exited the save_object method of MainUtils class
[2026-03-27 12:18:32,396] root - INFO - data Transformation completed
[2026-03-27 12:18:32,396] root - INFO - Model Training sstared
[2026-03-27 12:26:53,107] root - INFO - Entered the save_object method of MainUtils class
[2026-03-27 12:26:53,161] root - INFO - Exited the save_object method of MainUtils class
[2026-03-27 12:26:53,161] root - INFO - Entered the save_object method of MainUtils class
[2026-03-27 12:26:53,204] root - INFO - Exited the save_object method of MainUtils class
[2026-03-27 12:26:53,204] root - INFO - Model trainer artifact: ModelTrainerArtifact(trained_model_file_path='Artifacts\\03_27_2026_12_17_55\\model_trainer\\trained_model\\model.pkl', train_metric_artifact=ClassificationMetricArtifact(f1_score=0.9912619386303597, precision_score=0.9890510948905109, recall_score=0.9934826883910387), test_metric_artifact=ClassificationMetricArtifact(f1_score=0.9755902360944377, precision_score=0.9736421725239617, recall_score=0.9775461106655974))
[2026-03-27 12:26:53,210] root - INFO - Model Training artifact created
