[2026-03-28 11:53:16,689] httpx - INFO - HTTP Request: GET https://dagshub.com/api/v1/user "HTTP/1.1 200 OK"
[2026-03-28 11:53:16,733] dagshub - INFO - Accessing as Sohaib4238
[2026-03-28 11:53:17,618] httpx - INFO - HTTP Request: GET https://dagshub.com/api/v1/repos/Sohaib4238/NetworkSecurity "HTTP/1.1 200 OK"
[2026-03-28 11:53:18,015] httpx - INFO - HTTP Request: GET https://dagshub.com/api/v1/user "HTTP/1.1 200 OK"
[2026-03-28 11:53:18,020] dagshub - INFO - Initialized MLflow to track repo "Sohaib4238/NetworkSecurity"
[2026-03-28 11:53:18,022] dagshub - INFO - Repository Sohaib4238/NetworkSecurity initialized!
[2026-03-28 11:53:49,824] root - INFO - Start data Ingestion
[2026-03-28 11:54:01,612] root - INFO - Performed train test split on the dataframe
[2026-03-28 11:54:01,613] root - INFO - Exited split_data_as_train_test method of Data_Ingestion class
[2026-03-28 11:54:01,615] root - INFO - Exporting train and test file path.
[2026-03-28 11:54:01,840] root - INFO - Exported train and test file path.
[2026-03-28 11:54:01,842] root - INFO - Data Ingestion completed and artifact: DataIngestionArtifact(trained_file_path='Artifacts\\03_28_2026_11_52_16\\data_ingestion\\ingested\\train.csv', test_file_path='Artifacts\\03_28_2026_11_52_16\\data_ingestion\\ingested\\test.csv')
[2026-03-28 11:54:01,907] root - INFO - Initiate the data Validation
[2026-03-28 11:54:02,070] root - INFO - Required number of columns:2
[2026-03-28 11:54:02,070] root - INFO - Data frame has columns:31
[2026-03-28 11:54:02,070] root - INFO - Required number of columns:2
[2026-03-28 11:54:02,070] root - INFO - Data frame has columns:31
[2026-03-28 11:54:02,578] root - INFO - Entered initiate_data_transformation method of DataTransformation class
[2026-03-28 11:54:02,578] root - INFO - Starting data transformation
[2026-03-28 11:54:02,665] root - INFO - Entered get_data_trnasformer_object method of Trnasformation class
[2026-03-28 11:54:02,666] root - INFO - Initialise KNNImputer with {'missing_values': nan, 'n_neighbors': 3, 'weights': 'uniform'}
[2026-03-28 11:54:02,727] root - INFO - Entered the save_object method of MainUtils class
[2026-03-28 11:54:02,740] root - INFO - Exited the save_object method of MainUtils class
[2026-03-28 11:54:02,741] root - INFO - Entered the save_object method of MainUtils class
[2026-03-28 11:54:02,792] root - INFO - Exited the save_object method of MainUtils class
[2026-03-28 12:03:37,766] root - INFO - Entered the save_object method of MainUtils class
[2026-03-28 12:03:37,787] root - INFO - Exited the save_object method of MainUtils class
[2026-03-28 12:03:37,788] root - INFO - Entered the save_object method of MainUtils class
[2026-03-28 12:03:37,907] root - INFO - Exited the save_object method of MainUtils class
[2026-03-28 12:03:37,907] root - INFO - Model trainer artifact: ModelTrainerArtifact(trained_model_file_path='Artifacts\\03_28_2026_11_52_16\\model_trainer\\trained_model\\model.pkl', train_metric_artifact=ClassificationMetricArtifact(f1_score=0.9909145972138098, precision_score=0.9897156684815487, recall_score=0.992116434202547), test_metric_artifact=ClassificationMetricArtifact(f1_score=0.9716864997948297, precision_score=0.9649551752241239, recall_score=0.9785123966942149))
